


ARM Macro Assembler    Page 1 


    1 00000000         ;*******************************************************
                       ********************
    2 00000000                 THUMB
    3 00000000                 REQUIRE8
    4 00000000                 PRESERVE8
    5 00000000         ;*******************************************************
                       *******************
    6 00000000         
    7 00000000         
    8 00000000         ;***************VARIABLES*******************************
                       *******************
    9 00000000                 AREA             MesDonnees, data, readwrite
   10 00000000         ;*******************************************************
                       *******************
   11 00000000         
   12 00000000         
   13 00000000         
   14 00000000         ;*******************************************************
                       *******************
   15 00000000         
   16 00000000         
   17 00000000         
   18 00000000         ;***************CODE************************************
                       *******************
   19 00000000                 AREA             moncode, code, readonly
   20 00000000         ;*******************************************************
                       *******************
   21 00000000         
   22 00000000         
   23 00000000         
   24 00000000         ;AREA Lumiere, data, readwrite
   25 00000000         
   26 00000000         ;SPACE      48          Réservation de 48 octets pour la
                        variable Barrette1
   27 00000000         ;Barrette1 DCB 48 dup(0)   ; Initialiser à 0 
   28 00000000         
   29 00000000         Barrette1
   30 00000000 F0 00 00        DCB              0xF0, 0x00, 0x00
   31 00000003 00 00 00        DCB              0x00, 0x00, 0x00
   32 00000006 00 00 00        DCB              0x00, 0x00, 0x00
   33 00000009 00 00 00        DCB              0x00, 0x00, 0x00
   34 0000000C 00 00 00        DCB              0x00, 0x00, 0x00
   35 0000000F 00 00 00        DCB              0x00, 0x00, 0x00
   36 00000012 00 00 00        DCB              0x00, 0x00, 0x00
   37 00000015 00 00 00        DCB              0x00, 0x00, 0x00
   38 00000018 00 00 00        DCB              0x00, 0x00, 0x00
   39 0000001B 00 00 00        DCB              0x00, 0x00, 0x00
   40 0000001E 00 00 00        DCB              0x00, 0x00, 0x00
   41 00000021 00 00 00        DCB              0x00, 0x00, 0x00
   42 00000024 00 00 00        DCB              0x00, 0x00, 0x00
   43 00000027 00 00 00        DCB              0x00, 0x00, 0x00
   44 0000002A 00 00 00        DCB              0x00, 0x00, 0x00
   45 0000002D 00 00 F0        DCB              0x00, 0x00, 0xF0
   46 00000030                 END
Command Line: --debug --xref --diag_suppress=9931,A1950W --cpu=Cortex-M3 --depe
nd=.\objects\lumiere.d -o.\objects\lumiere.o -I.\RTE\Device\STM32F103RB -I.\RTE
\_Simul_ -IC:\Users\cedri\AppData\Local\Arm\Packs\ARM\CMSIS\5.9.0\CMSIS\Core\In
clude -IC:\Users\cedri\AppData\Local\Arm\Packs\Keil\STM32F1xx_DFP\2.4.0\Device\
Include --predefine="__EVAL SETA 1" --predefine="__MICROLIB SETA 1" --predefine



ARM Macro Assembler    Page 2 


="__UVISION_VERSION SETA 538" --predefine="_RTE_ SETA 1" --predefine="STM32F10X
_MD SETA 1" --predefine="_RTE_ SETA 1" --predefine="STM32F10X_MD SETA 1" --list
=.\listings\lumiere.lst Lumiere.asm



ARM Macro Assembler    Page 1 Alphabetic symbol ordering
Relocatable symbols

MesDonnees 00000000

Symbol: MesDonnees
   Definitions
      At line 9 in file Lumiere.asm
   Uses
      None
Comment: MesDonnees unused
1 symbol



ARM Macro Assembler    Page 1 Alphabetic symbol ordering
Relocatable symbols

Barrette1 00000000

Symbol: Barrette1
   Definitions
      At line 29 in file Lumiere.asm
   Uses
      None
Comment: Barrette1 unused
moncode 00000000

Symbol: moncode
   Definitions
      At line 19 in file Lumiere.asm
   Uses
      None
Comment: moncode unused
2 symbols
338 symbols in table
