


ARM Macro Assembler    Page 1 


    1 00000000         ;*******************************************************
                       ********************
    2 00000000                 THUMB
    3 00000000                 REQUIRE8
    4 00000000                 PRESERVE8
    5 00000000         ;*******************************************************
                       *******************
    6 00000000         
    7 00000000         
    8 00000000         ;***************VARIABLES*******************************
                       *******************
    9 00000000                 AREA             MesDonnees, data, readwrite
   10 00000000         ;*******************************************************
                       *******************
   11 00000000         
   12 00000000         
   13 00000000         
   14 00000000         ;*******************************************************
                       *******************
   15 00000000         
   16 00000000         
   17 00000000         
   18 00000000         ;***************CODE************************************
                       *******************
   19 00000000                 AREA             moncode, code, readonly
   20 00000000         ;*******************************************************
                       *******************
   21 00000000         
   22 00000000         
   23 00000000         
   24 00000000         
   25 00000000         ;Barrette1 DCB 48 dup(0)   ; Initialiser à 0 
   26 00000000         
   27 00000000         Barrette1
   28 00000000 FF 00 00        DCB              0xFF, 0x00, 0x00
   29 00000003 00 00 00        DCB              0x00, 0x00, 0x00
   30 00000006 00 00 00        DCB              0x00, 0x00, 0x00
   31 00000009 00 00 00        DCB              0x00, 0x00, 0x00
   32 0000000C 00 00 00        DCB              0x00, 0x00, 0x00
   33 0000000F 00 00 00        DCB              0x00, 0x00, 0x00
   34 00000012 00 00 00        DCB              0x00, 0x00, 0x00
   35 00000015 00 00 00        DCB              0x00, 0x00, 0x00
   36 00000018 00 00 FF        DCB              0x00, 0x00, 0xFF
   37 0000001B 00 00 00        DCB              0x00, 0x00, 0x00
   38 0000001E 00 00 00        DCB              0x00, 0x00, 0x00
   39 00000021 00 00 00        DCB              0x00, 0x00, 0x00
   40 00000024 00 00 00        DCB              0x00, 0x00, 0x00
   41 00000027 00 00 00        DCB              0x00, 0x00, 0x00
   42 0000002A 00 00 00        DCB              0x00, 0x00, 0x00
   43 0000002D 00 FF 00        DCB              0x00, 0xFF, 0x00
   44 00000030         
   45 00000030         
   46 00000030         
   47 00000030         BarretteN
   48 00000030 FF 00 00        DCB              0xFF, 0x00, 0x00
   49 00000033 00 00 00        DCB              0x00, 0x00, 0x00
   50 00000036 00 00 00        DCB              0x00, 0x00, 0x00
   51 00000039 00 00 00        DCB              0x00, 0x00, 0x00
   52 0000003C 00 00 00        DCB              0x00, 0x00, 0x00



ARM Macro Assembler    Page 2 


   53 0000003F 00 00 00        DCB              0x00, 0x00, 0x00
   54 00000042 00 00 00        DCB              0x00, 0x00, 0x00
   55 00000045 FF 00 00        DCB              0xFF, 0x00, 0x00
   56 00000048 00 00 00        DCB              0x00, 0x00, 0x00
   57 0000004B 00 00 00        DCB              0x00, 0x00, 0x00
   58 0000004E 00 00 00        DCB              0x00, 0x00, 0x00
   59 00000051 00 00 00        DCB              0x00, 0x00, 0x00
   60 00000054 00 00 00        DCB              0x00, 0x00, 0x00
   61 00000057 00 00 00        DCB              0x00, 0x00, 0x00
   62 0000005A 00 00 00        DCB              0x00, 0x00, 0x00
   63 0000005D FF 00 00        DCB              0xFF, 0x00, 0x00
   64 00000060                 END
Command Line: --debug --xref --diag_suppress=9931 --cpu=Cortex-M3 --apcs=interw
ork --depend=.\objects\lumiere.d -o.\objects\lumiere.o -I.\RTE\Device\STM32F107
VC -I.\RTE\_R_el -IC:\Programdata\Keil\Arm\Packs\ARM\CMSIS\5.7.0\CMSIS\Core\Inc
lude -IC:\Programdata\Keil\Arm\Packs\Keil\STM32F1xx_DFP\2.3.0\Device\Include --
predefine="__EVAL SETA 1" --predefine="__MICROLIB SETA 1" --predefine="__UVISIO
N_VERSION SETA 534" --predefine="_RTE_ SETA 1" --predefine="STM32F10X_CL SETA 1
" --predefine="_RTE_ SETA 1" --predefine="STM32F10X_CL SETA 1" --list=.\listing
s\lumiere.lst Lumiere.asm



ARM Macro Assembler    Page 1 Alphabetic symbol ordering
Relocatable symbols

MesDonnees 00000000

Symbol: MesDonnees
   Definitions
      At line 9 in file Lumiere.asm
   Uses
      None
Comment: MesDonnees unused
1 symbol



ARM Macro Assembler    Page 1 Alphabetic symbol ordering
Relocatable symbols

Barrette1 00000000

Symbol: Barrette1
   Definitions
      At line 27 in file Lumiere.asm
   Uses
      None
Comment: Barrette1 unused
BarretteN 00000030

Symbol: BarretteN
   Definitions
      At line 47 in file Lumiere.asm
   Uses
      None
Comment: BarretteN unused
moncode 00000000

Symbol: moncode
   Definitions
      At line 19 in file Lumiere.asm
   Uses
      None
Comment: moncode unused
3 symbols
339 symbols in table
