


ARM Macro Assembler    Page 1 


    1 00000000         
    2 00000000         
    3 00000000         ;*******************************************************
                       *****************
    4 00000000                 THUMB
    5 00000000                 REQUIRE8
    6 00000000                 PRESERVE8
    7 00000000         ;*******************************************************
                       *****************
    8 00000000         
    9 00000000                 include          REG_UTILES.inc
    1 00000000         
    2 00000000         ;**************************************
    3 00000000         ;     Les adresess utiles  
    4 00000000         ;***************************************
    5 00000000         
    6 00000000         
    7 00000000         ;**************************************
    8 00000000         ;     Affectation des bits GPIO  
    9 00000000         ;***************************************
   10 00000000         ; GSLCK..... PA0 
   11 00000000         ; DSPRG..... PA1 
   12 00000000         ; BLANK..... PA2 
   13 00000000         ; XLAT...... PA3
   14 00000000         ; VPRG...... PA4
   15 00000000         ; SCLK...... PA5
   16 00000000         ; SIN1...... PA7
   17 00000000         ;Capteur.....PA8
   18 00000000         
   19 00000000         ;LED.........PB10
   20 00000000         ;****************************************/
   21 00000000         
   22 00000000         
   23 00000000         
   24 00000000 40010800 
                       GPIOBASEA
                               EQU              0X40010800
   25 00000000 40010C00 
                       GPIOBASEB
                               EQU              0X40010C00
   26 00000000         
   27 00000000 00000008 
                       OffsetInput
                               EQU              0x08
   28 00000000 0000000C 
                       OffsetOutput
                               EQU              0x0C
   29 00000000 00000010 
                       OffsetSet
                               EQU              0x10
   30 00000000 00000014 
                       OffsetReset
                               EQU              0x14
   31 00000000         
   32 00000000         
   33 00000000 00000080 
                       MaskSerial_In1
                               equ              0x80
   34 00000000 00000080 



ARM Macro Assembler    Page 2 


                       MaskSerial_Dots
                               equ              0x80
   35 00000000 00000010 
                       MaskVprg
                               equ              0x10
   36 00000000 00000008 
                       MaskXlat
                               equ              0x08
   37 00000000 00000004 
                       MaskBlank
                               equ              0x04
   38 00000000 00000020 
                       MaskSclk
                               equ              0x20
   39 00000000 00000002 
                       MaskDsprg
                               equ              0x02
   40 00000000 00000001 
                       MaskGsclk
                               equ              0x01
   41 00000000         
   42 00000000         
   43 00000000 E000ED08 
                       SCB_VTOR
                               EQU              0xE000ED08
   44 00000000 40012C10 
                       TIM1_SR EQU              0x40012c10
   45 00000000 40012C24 
                       TIM1_CNT
                               EQU              0x40012c24
   46 00000000 4000082C 
                       TIM4_ARR
                               EQU              0x4000082C
   47 00000000 40000810 
                       TIM4_SR EQU              0x40000810
   48 00000000         
   49 00000000         
   50 00000000         
   51 00000000         
   52 00000000         
   53 00000000                 END
   10 00000000         
   11 00000000         
   12 00000000         
   13 00000000         ;*******************************************************
                       *****************
   14 00000000         ;      IMPORT/EXPORT Syst?me
   15 00000000         ;*******************************************************
                       *****************
   16 00000000         
   17 00000000                 IMPORT           ||Lib$$Request$$armlib|| [CODE,
WEAK]
   18 00000000         
   19 00000000                 IMPORT           Allume_LED
   20 00000000                 IMPORT           Eteint_LED
   21 00000000         ;IMPORT Capteur
   22 00000000         
   23 00000000         
   24 00000000         ; IMPORT/EXPORT de proc?dure           



ARM Macro Assembler    Page 3 


   25 00000000         
   26 00000000                 IMPORT           Init_Cible
   27 00000000         
   28 00000000         
   29 00000000                 EXPORT           main
   30 00000000         
   31 00000000         ;*******************************************************
                       ************************
   32 00000000         
   33 00000000         
   34 00000000         ;*******************************************************
                       ************************
   35 00000000                 AREA             mesdonnees, data, readwrite
   36 00000000         
   37 00000000         
   38 00000000         
   39 00000000         
   40 00000000         ;*******************************************************
                       ************************
   41 00000000         
   42 00000000                 AREA             moncode, code, readonly
   43 00000000         
   44 00000000         
   45 00000000         
   46 00000000         ;*******************************************************
                       ************************
   47 00000000         ; Proc?dure principale et point d'entr?e du projet
   48 00000000         ;*******************************************************
                       ************************
   49 00000000         main    PROC
   50 00000000         ;*******************************************************
                       ************************
   51 00000000         
   52 00000000         
   53 00000000         ;OldEtat = 0
   54 00000000         ;Cpt = 0
   55 00000000         ;N=10
   56 00000000         ;
   57 00000000         ;Tant que 1
   58 00000000         ;
   59 00000000         ;FrontMontant:
   60 00000000         ; Si OldEtat == 0 et Capteur == 1
   61 00000000         ;  Led = !Led
   62 00000000         ;  Cpt = Cpt + 1 
   63 00000000         ; Si Compteur >= N
   64 00000000         ;  Led = 1
   65 00000000         ; 
   66 00000000         ; OldEtat = Capteur
   67 00000000         ;
   68 00000000         ;Fin tant que
   69 00000000         ;
   70 00000000         ;
   71 00000000         
   72 00000000 F04F 0000       MOV              R0,#0
   73 00000004 F7FF FFFE       BL               Init_Cible  ;    ;Initialisatio
                                                            n de la cible
   74 00000008         
   75 00000008         
   76 00000008         



ARM Macro Assembler    Page 4 


   77 00000008         ;OldEtat  DCW  0    ;Variable pour stocker l'?tat pr?c?d
                       ent du capteur
   78 00000008         ;Cpt   DCW  0    ;Compteur de fronts montants d?tect?s
   79 00000008         ;N   EQU  10    ;Nombre de fronts montants ? détecter av
                       ant de rester allumé
   80 00000008         
   81 00000008         boucle
   82 00000008         
   83 00000008         ;Etat du capteur
   84 00000008 4C22            LDR              R4 ,= 0X40010808 ; Chargement d
                                                            e l'adresse dans le
                                                             registre
   85 0000000A F8B4 8000       LDRH             R8, [R4]    ; Stock la valeur d
                                                            e l'adresse de R4 d
                                                            ans R8
   86 0000000E         
   87 0000000E F04F 0900       MOV              R9, #0      ; Registre du compt
                                                            eur des 10 passages
                                                            
   88 00000012         
   89 00000012 F04F 0A00       MOV              R10, #0     ; Registre OlEtat
   90 00000016         
   91 00000016 F408 7880       AND              R8,R8, #0x0100 ; Vérifier si le
                                                             bit 8 de l'adresse
                                                             chargée dans R5 es
                                                            t ? 1 ou ? 0.
   92 0000001A F1B8 0F00       CMP              R8, #0      ; Compare R8 ? zéro
                                                             OU CMP R8, #(0x01 
                                                            << 8)
   93 0000001E D100            BNE              front_montant_allume ; Si zero 
                                                            alors j'allume   
   94 00000020 E7F2            B                boucle
   95 00000022         
   96 00000022         front_montant_allume
   97 00000022         
   98 00000022 F109 0901       ADD              R9, R9, #1
   99 00000026 F1B9 0F0A       CMP              R9, #0x0A
  100 0000002A D02E            BEQ              Allume
  101 0000002C         
  102 0000002C F7FF FFFE       BL               Allume_LED
  103 00000030 F04F 0A01       MOV              R10, #1
  104 00000034         
  105 00000034         allume
  106 00000034         
  107 00000034 F000 F815       BL               Old_Etat
  108 00000038         allume2
  109 00000038 F1BA 0F00       CMP              R10, #0
  110 0000003C D000            BEQ              front_montant_eteint
  111 0000003E         
  112 0000003E E7F9            B                allume
  113 00000040         
  114 00000040         front_montant_eteint
  115 00000040         
  116 00000040 F109 0901       ADD              R9, R9, #1
  117 00000044 F1B9 0F0A       CMP              R9, #0x0A
  118 00000048 D01F            BEQ              Allume
  119 0000004A         
  120 0000004A F7FF FFFE       BL               Eteint_LED
  121 0000004E F04F 0A01       MOV              R10, #1



ARM Macro Assembler    Page 5 


  122 00000052         
  123 00000052         eteint
  124 00000052 F000 F810       BL               Old_Etat2
  125 00000056 F04F 0A01       MOV              R10, #1
  126 0000005A         eteint2
  127 0000005A         
  128 0000005A F1BA 0F00       CMP              R10, #0
  129 0000005E D0E0            BEQ              front_montant_allume
  130 00000060         
  131 00000060 E7F7            B                eteint
  132 00000062         
  133 00000062         
  134 00000062         Old_Etat
  135 00000062 F04F 0A00       MOV              R10, #0
  136 00000066 F8B4 8000       LDRH             R8, [R4]    ; Stock la valeur d
                                                            e l'adresse de R4 d
                                                            ans R5
  137 0000006A F408 7880       AND              R8,R8, #0x0100
  138 0000006E F1B8 0F00       CMP              R8, #0
  139 00000072 D0E1            BEQ              allume2
  140 00000074 E7F5            B                Old_Etat
  141 00000076         
  142 00000076         Old_Etat2
  143 00000076 F04F 0A00       MOV              R10, #0
  144 0000007A F8B4 8000       LDRH             R8, [R4]    ; Stock la valeur d
                                                            e l'adresse de R4 d
                                                            ans R5
  145 0000007E F408 7880       AND              R8,R8, #0x0100
  146 00000082 F1B8 0F00       CMP              R8, #0
  147 00000086 D1E8            BNE              eteint2
  148 00000088 E7F5            B                Old_Etat2
  149 0000008A         
  150 0000008A         boucle2
  151 0000008A         Allume
  152 0000008A F7FF FFFE       BL               Allume_LED
  153 0000008E E7FC            B                boucle2
  154 00000090         
  155 00000090         
  156 00000090         
  157 00000090         
  158 00000090         
  159 00000090         ;check
  160 00000090         ;  LDR R6, =OldEtat
  161 00000090         ;  LDRH R7,[R6]  
  162 00000090         ;  MOV R7,#0x01
  163 00000090         ;  AND R7,R7, #0x01
  164 00000090         ;  CMP R6, #0
  165 00000090         ;  BNE exstate1
  166 00000090         
  167 00000090 E7FE            B                .           ; boucle inifinie t
                                                            erminale...
  168 00000092         
  169 00000092                 ENDP
  170 00000092         
  171 00000092                 END
              00 00 40010808 
Command Line: --debug --xref --diag_suppress=9931,A1950W --cpu=Cortex-M3 --depe
nd=.\objects\principale.d -o.\objects\principale.o -I.\RTE\Device\STM32F103RB -
I.\RTE\_Simul_ -IC:\Users\cedri\AppData\Local\Arm\Packs\ARM\CMSIS\5.9.0\CMSIS\C



ARM Macro Assembler    Page 6 


ore\Include -IC:\Users\cedri\AppData\Local\Arm\Packs\Keil\STM32F1xx_DFP\2.4.0\D
evice\Include --predefine="__EVAL SETA 1" --predefine="__MICROLIB SETA 1" --pre
define="__UVISION_VERSION SETA 538" --predefine="_RTE_ SETA 1" --predefine="STM
32F10X_MD SETA 1" --predefine="_RTE_ SETA 1" --predefine="STM32F10X_MD SETA 1" 
--list=.\listings\principale.lst Principale.asm



ARM Macro Assembler    Page 1 Alphabetic symbol ordering
Relocatable symbols

mesdonnees 00000000

Symbol: mesdonnees
   Definitions
      At line 35 in file Principale.asm
   Uses
      None
Comment: mesdonnees unused
1 symbol



ARM Macro Assembler    Page 1 Alphabetic symbol ordering
Relocatable symbols

Allume 0000008A

Symbol: Allume
   Definitions
      At line 151 in file Principale.asm
   Uses
      At line 100 in file Principale.asm
      At line 118 in file Principale.asm

Old_Etat 00000062

Symbol: Old_Etat
   Definitions
      At line 134 in file Principale.asm
   Uses
      At line 107 in file Principale.asm
      At line 140 in file Principale.asm

Old_Etat2 00000076

Symbol: Old_Etat2
   Definitions
      At line 142 in file Principale.asm
   Uses
      At line 124 in file Principale.asm
      At line 148 in file Principale.asm

allume 00000034

Symbol: allume
   Definitions
      At line 105 in file Principale.asm
   Uses
      At line 112 in file Principale.asm
Comment: allume used once
allume2 00000038

Symbol: allume2
   Definitions
      At line 108 in file Principale.asm
   Uses
      At line 139 in file Principale.asm
Comment: allume2 used once
boucle 00000008

Symbol: boucle
   Definitions
      At line 81 in file Principale.asm
   Uses
      At line 94 in file Principale.asm
Comment: boucle used once
boucle2 0000008A

Symbol: boucle2
   Definitions
      At line 150 in file Principale.asm
   Uses
      At line 153 in file Principale.asm
Comment: boucle2 used once



ARM Macro Assembler    Page 2 Alphabetic symbol ordering
Relocatable symbols

eteint 00000052

Symbol: eteint
   Definitions
      At line 123 in file Principale.asm
   Uses
      At line 131 in file Principale.asm
Comment: eteint used once
eteint2 0000005A

Symbol: eteint2
   Definitions
      At line 126 in file Principale.asm
   Uses
      At line 147 in file Principale.asm
Comment: eteint2 used once
front_montant_allume 00000022

Symbol: front_montant_allume
   Definitions
      At line 96 in file Principale.asm
   Uses
      At line 93 in file Principale.asm
      At line 129 in file Principale.asm

front_montant_eteint 00000040

Symbol: front_montant_eteint
   Definitions
      At line 114 in file Principale.asm
   Uses
      At line 110 in file Principale.asm
Comment: front_montant_eteint used once
main 00000000

Symbol: main
   Definitions
      At line 49 in file Principale.asm
   Uses
      At line 29 in file Principale.asm
Comment: main used once
moncode 00000000

Symbol: moncode
   Definitions
      At line 42 in file Principale.asm
   Uses
      None
Comment: moncode unused
13 symbols



ARM Macro Assembler    Page 1 Alphabetic symbol ordering
Absolute symbols

GPIOBASEA 40010800

Symbol: GPIOBASEA
   Definitions
      At line 24 in file REG_UTILES.inc
   Uses
      None
Comment: GPIOBASEA unused
GPIOBASEB 40010C00

Symbol: GPIOBASEB
   Definitions
      At line 25 in file REG_UTILES.inc
   Uses
      None
Comment: GPIOBASEB unused
MaskBlank 00000004

Symbol: MaskBlank
   Definitions
      At line 37 in file REG_UTILES.inc
   Uses
      None
Comment: MaskBlank unused
MaskDsprg 00000002

Symbol: MaskDsprg
   Definitions
      At line 39 in file REG_UTILES.inc
   Uses
      None
Comment: MaskDsprg unused
MaskGsclk 00000001

Symbol: MaskGsclk
   Definitions
      At line 40 in file REG_UTILES.inc
   Uses
      None
Comment: MaskGsclk unused
MaskSclk 00000020

Symbol: MaskSclk
   Definitions
      At line 38 in file REG_UTILES.inc
   Uses
      None
Comment: MaskSclk unused
MaskSerial_Dots 00000080

Symbol: MaskSerial_Dots
   Definitions
      At line 34 in file REG_UTILES.inc
   Uses
      None
Comment: MaskSerial_Dots unused
MaskSerial_In1 00000080

Symbol: MaskSerial_In1



ARM Macro Assembler    Page 2 Alphabetic symbol ordering
Absolute symbols

   Definitions
      At line 33 in file REG_UTILES.inc
   Uses
      None
Comment: MaskSerial_In1 unused
MaskVprg 00000010

Symbol: MaskVprg
   Definitions
      At line 35 in file REG_UTILES.inc
   Uses
      None
Comment: MaskVprg unused
MaskXlat 00000008

Symbol: MaskXlat
   Definitions
      At line 36 in file REG_UTILES.inc
   Uses
      None
Comment: MaskXlat unused
OffsetInput 00000008

Symbol: OffsetInput
   Definitions
      At line 27 in file REG_UTILES.inc
   Uses
      None
Comment: OffsetInput unused
OffsetOutput 0000000C

Symbol: OffsetOutput
   Definitions
      At line 28 in file REG_UTILES.inc
   Uses
      None
Comment: OffsetOutput unused
OffsetReset 00000014

Symbol: OffsetReset
   Definitions
      At line 30 in file REG_UTILES.inc
   Uses
      None
Comment: OffsetReset unused
OffsetSet 00000010

Symbol: OffsetSet
   Definitions
      At line 29 in file REG_UTILES.inc
   Uses
      None
Comment: OffsetSet unused
SCB_VTOR E000ED08

Symbol: SCB_VTOR
   Definitions
      At line 43 in file REG_UTILES.inc
   Uses



ARM Macro Assembler    Page 3 Alphabetic symbol ordering
Absolute symbols

      None
Comment: SCB_VTOR unused
TIM1_CNT 40012C24

Symbol: TIM1_CNT
   Definitions
      At line 45 in file REG_UTILES.inc
   Uses
      None
Comment: TIM1_CNT unused
TIM1_SR 40012C10

Symbol: TIM1_SR
   Definitions
      At line 44 in file REG_UTILES.inc
   Uses
      None
Comment: TIM1_SR unused
TIM4_ARR 4000082C

Symbol: TIM4_ARR
   Definitions
      At line 46 in file REG_UTILES.inc
   Uses
      None
Comment: TIM4_ARR unused
TIM4_SR 40000810

Symbol: TIM4_SR
   Definitions
      At line 47 in file REG_UTILES.inc
   Uses
      None
Comment: TIM4_SR unused
19 symbols



ARM Macro Assembler    Page 1 Alphabetic symbol ordering
External symbols

Allume_LED 00000000

Symbol: Allume_LED
   Definitions
      At line 19 in file Principale.asm
   Uses
      At line 102 in file Principale.asm
      At line 152 in file Principale.asm

Eteint_LED 00000000

Symbol: Eteint_LED
   Definitions
      At line 20 in file Principale.asm
   Uses
      At line 120 in file Principale.asm
Comment: Eteint_LED used once
Init_Cible 00000000

Symbol: Init_Cible
   Definitions
      At line 26 in file Principale.asm
   Uses
      At line 73 in file Principale.asm
Comment: Init_Cible used once
|Lib$$Request$$armlib| 00000000

Symbol: |Lib$$Request$$armlib|
   Definitions
      At line 17 in file Principale.asm
   Uses
      None
Comment: |Lib$$Request$$armlib| unused
4 symbols
374 symbols in table
